nohup: ignoring input

⚡═══════════════════════════════════⚡
   🏆 WX Gold API v4.0.4 - Final
   دقة 99% | 43 دولة | تحديث 15 ثانية
⚡═══════════════════════════════════⚡
🌐 http://localhost:3000
📱 Acode: http://localhost:3000/acode
👑 Admin Key: wx-admin-2024-secret
📊 هامش السوق المحلي: 0%

💰 ذهب: $4499.399902 | 💱 عملات: 166 | 🕐 6:25:52 AM
💰 ذهب: $4499.399902 | 💱 عملات: 166 | 🕐 6:26:07 AM
💰 ذهب: $4499.399902 | 💱 عملات: 166 | 🕐 6:26:22 AM
💰 ذهب: $4497 | 💱 عملات: 166 | 🕐 6:26:37 AM
💰 ذهب: $4497 | 💱 عملات: 166 | 🕐 6:26:52 AM
💰 ذهب: $4497 | 💱 عملات: 166 | 🕐 6:27:11 AM
💰 ذهب: $4497 | 💱 عملات: 166 | 🕐 6:27:22 AM
💰 ذهب: $4497.399902 | 💱 عملات: 166 | 🕐 6:27:37 AM
💰 ذهب: $4497.399902 | 💱 عملات: 166 | 🕐 6:27:52 AM
💰 ذهب: $4497.399902 | 💱 عملات: 166 | 🕐 6:28:07 AM
💰 ذهب: $4497.399902 | 💱 عملات: 166 | 🕐 6:28:22 AM
💰 ذهب: $4497.100098 | 💱 عملات: 166 | 🕐 6:28:37 AM
💰 ذهب: $4497.100098 | 💱 عملات: 166 | 🕐 6:28:52 AM
💰 ذهب: $4497.100098 | 💱 عملات: 166 | 🕐 6:29:07 AM
💰 ذهب: $4497.100098 | 💱 عملات: 166 | 🕐 6:29:23 AM
💰 ذهب: $4497.100098 | 💱 عملات: 166 | 🕐 6:29:37 AM
💰 ذهب: $4497.100098 | 💱 عملات: 166 | 🕐 6:29:52 AM
💰 ذهب: $4497.100098 | 💱 عملات: 166 | 🕐 6:30:07 AM
💰 ذهب: $4497.100098 | 💱 عملات: 166 | 🕐 6:30:22 AM
💰 ذهب: $4497.799805 | 💱 عملات: 166 | 🕐 6:30:37 AM
💰 ذهب: $4497.799805 | 💱 عملات: 166 | 🕐 6:30:52 AM
💰 ذهب: $4497.799805 | 💱 عملات: 166 | 🕐 6:31:07 AM
💰 ذهب: $4497.799805 | 💱 عملات: 166 | 🕐 6:31:22 AM
💰 ذهب: $4498.700195 | 💱 عملات: 166 | 🕐 6:31:37 AM
💰 ذهب: $4498.700195 | 💱 عملات: 166 | 🕐 6:31:52 AM
💰 ذهب: $4498.700195 | 💱 عملات: 166 | 🕐 6:32:07 AM
💰 ذهب: $4498.700195 | 💱 عملات: 166 | 🕐 6:32:22 AM
💰 ذهب: $4498.799805 | 💱 عملات: 166 | 🕐 6:32:37 AM
💰 ذهب: $4498.799805 | 💱 عملات: 166 | 🕐 6:32:52 AM
💰 ذهب: $4498.799805 | 💱 عملات: 166 | 🕐 6:33:08 AM
💰 ذهب: $4498.799805 | 💱 عملات: 166 | 🕐 6:33:24 AM
💰 ذهب: $4498.5 | 💱 عملات: 166 | 🕐 6:33:43 AM
💰 ذهب: $4498.5 | 💱 عملات: 166 | 🕐 6:33:52 AM
💰 ذهب: $4498.5 | 💱 عملات: 166 | 🕐 6:34:07 AM
💰 ذهب: $4498.5 | 💱 عملات: 166 | 🕐 6:34:22 AM
💰 ذهب: $4499 | 💱 عملات: 166 | 🕐 6:34:37 AM
💰 ذهب: $4499 | 💱 عملات: 166 | 🕐 6:34:52 AM
💰 ذهب: $4499 | 💱 عملات: 166 | 🕐 6:35:07 AM
💰 ذهب: $4499 | 💱 عملات: 166 | 🕐 6:35:22 AM
💰 ذهب: $4498.399902 | 💱 عملات: 166 | 🕐 6:35:37 AM
💰 ذهب: $4498.399902 | 💱 عملات: 166 | 🕐 6:35:52 AM
💰 ذهب: $4498.399902 | 💱 عملات: 166 | 🕐 6:36:08 AM
💰 ذهب: $4498.399902 | 💱 عملات: 166 | 🕐 6:36:26 AM
💰 ذهب: $4497 | 💱 عملات: 166 | 🕐 6:36:38 AM
💰 ذهب: $4497 | 💱 عملات: 166 | 🕐 6:36:52 AM
💰 ذهب: $4497 | 💱 عملات: 166 | 🕐 6:37:07 AM
💰 ذهب: $4497 | 💱 عملات: 166 | 🕐 6:37:23 AM
💰 ذهب: $4496.799805 | 💱 عملات: 166 | 🕐 6:37:38 AM
💰 ذهب: $4496.799805 | 💱 عملات: 166 | 🕐 6:37:53 AM
💰 ذهب: $4496.799805 | 💱 عملات: 166 | 🕐 6:38:07 AM
💰 ذهب: $4496.799805 | 💱 عملات: 166 | 🕐 6:38:22 AM
💰 ذهب: $4497.399902 | 💱 عملات: 166 | 🕐 6:38:37 AM
💰 ذهب: $4497.399902 | 💱 عملات: 166 | 🕐 6:38:52 AM
💰 ذهب: $4497.399902 | 💱 عملات: 166 | 🕐 6:39:07 AM
💰 ذهب: $4497.399902 | 💱 عملات: 166 | 🕐 6:39:22 AM
💰 ذهب: $4496.100098 | 💱 عملات: 166 | 🕐 6:39:37 AM
💰 ذهب: $4496.100098 | 💱 عملات: 166 | 🕐 6:39:52 AM
💰 ذهب: $4496.100098 | 💱 عملات: 166 | 🕐 6:40:07 AM
💰 ذهب: $4496.100098 | 💱 عملات: 166 | 🕐 6:40:22 AM
💰 ذهب: $4497.399902 | 💱 عملات: 166 | 🕐 6:40:37 AM
💰 ذهب: $4497.399902 | 💱 عملات: 166 | 🕐 6:40:52 AM
💰 ذهب: $4497.399902 | 💱 عملات: 166 | 🕐 6:41:07 AM
💰 ذهب: $4497.399902 | 💱 عملات: 166 | 🕐 6:41:22 AM
💰 ذهب: $4498 | 💱 عملات: 166 | 🕐 6:41:37 AM
💰 ذهب: $4498 | 💱 عملات: 166 | 🕐 6:41:52 AM
💰 ذهب: $4498 | 💱 عملات: 166 | 🕐 6:42:07 AM
